2026-08-07T13:35:15.897956+00:00 | DEMO-001 | 0 | 1.00 | PROMOTE | Start investigation for DISP-073. Customer claims unauthorized charge.
2026-08-07T13:35:15.913973+00:00 | DEMO-001 | 1 | 0.30 | FORGET | Beginning investigation. Fetching dispute details.
2026-08-07T13:35:15.914979+00:00 | DEMO-001 | 2 | 1.00 | PROMOTE | {"dispute_id": "DISP-073", "amount": 847.50, "fraud_flag": "detected", "risk_sco
2026-08-07T13:35:15.996687+00:00 | DEMO-001 | 3 | 0.60 | PROMOTE | What is the refund window for unauthorized transaction disputes?
2026-08-07T13:35:16.010202+00:00 | DEMO-001 | 4 | 0.60 | PROMOTE | Checking policy for refund eligibility.
2026-08-07T13:35:16.023723+00:00 | DEMO-001 | 5 | 0.80 | PROMOTE | {"merchant_id": "MERCH-004", "risk_score": 92, "category": "electronics"}
2026-08-07T13:35:16.037850+00:00 | DEMO-001 | 6 | 0.80 | PROMOTE | DISP-073 assigned to ANL-002 for senior review
2026-08-07T13:35:16.051364+00:00 | DEMO-001 | 7 | 0.80 | PROMOTE | Senior analyst review initiated for DISP-073.
2026-08-07T13:35:16.064393+00:00 | DEMO-001 | 8 | 0.40 | PROMOTE | {"transaction_id": "TXN-0000", "amount": 0}
2026-08-07T13:35:16.078790+00:00 | DEMO-001 | 9 | 0.40 | PROMOTE | {"transaction_id": "TXN-0001", "amount": 10}
2026-08-07T13:35:16.092778+00:00 | DEMO-001 | 10 | 0.40 | PROMOTE | {"transaction_id": "TXN-0002", "amount": 20}
2026-08-07T13:35:16.106951+00:00 | DEMO-001 | 11 | 0.40 | PROMOTE | {"transaction_id": "TXN-0003", "amount": 30}
2026-08-07T13:35:16.120614+00:00 | DEMO-001 | 12 | 0.40 | PROMOTE | {"transaction_id": "TXN-0004", "amount": 40}
2026-08-07T13:35:16.136633+00:00 | DEMO-001 | 13 | 0.40 | PROMOTE | {"transaction_id": "TXN-0005", "amount": 50}
2026-08-07T13:35:16.150806+00:00 | DEMO-001 | 14 | 0.40 | PROMOTE | {"transaction_id": "TXN-0006", "amount": 60}
2026-08-07T13:35:16.166030+00:00 | DEMO-001 | 15 | 0.40 | PROMOTE | {"transaction_id": "TXN-0007", "amount": 70}
2026-08-07T13:35:16.180578+00:00 | DEMO-001 | 16 | 0.40 | PROMOTE | {"transaction_id": "TXN-0008", "amount": 80}
2026-08-07T13:35:16.194703+00:00 | DEMO-001 | 17 | 0.40 | PROMOTE | {"transaction_id": "TXN-0009", "amount": 90}
2026-08-07T13:35:16.209109+00:00 | DEMO-001 | 18 | 0.40 | PROMOTE | {"transaction_id": "TXN-0010", "amount": 100}
2026-08-07T13:35:16.223612+00:00 | DEMO-001 | 19 | 0.40 | PROMOTE | {"transaction_id": "TXN-0011", "amount": 110}
2026-08-07T13:35:16.237547+00:00 | DEMO-001 | 20 | 0.40 | PROMOTE | {"transaction_id": "TXN-0012", "amount": 120}
2026-08-07T13:35:16.252681+00:00 | DEMO-001 | 20 | 0.40 | PROMOTE | {"transaction_id": "TXN-0013", "amount": 130}
2026-08-07T13:35:16.270962+00:00 | DEMO-001 | 20 | 0.40 | PROMOTE | {"transaction_id": "TXN-0014", "amount": 140}
2026-08-07T13:49:34.575386+00:00 | DEMO-001 | 0 | 1.00 | PROMOTE | Start investigation for DISP-073. Customer claims unauthorized charge.
2026-08-07T13:49:34.589897+00:00 | DEMO-001 | 1 | 0.30 | FORGET | Beginning investigation. Fetching dispute details.
2026-08-07T13:49:34.589897+00:00 | DEMO-001 | 2 | 1.00 | PROMOTE | {"dispute_id": "DISP-073", "amount": 847.50, "fraud_flag": "detected", "risk_sco
2026-08-07T13:49:34.659523+00:00 | DEMO-001 | 3 | 0.60 | PROMOTE | What is the refund window for unauthorized transaction disputes?
2026-08-07T13:49:34.673549+00:00 | DEMO-001 | 4 | 0.60 | PROMOTE | Checking policy for refund eligibility.
2026-08-07T13:49:34.688061+00:00 | DEMO-001 | 5 | 0.80 | PROMOTE | {"merchant_id": "MERCH-004", "risk_score": 92, "category": "electronics"}
2026-08-07T13:49:34.709598+00:00 | DEMO-001 | 6 | 0.80 | PROMOTE | DISP-073 assigned to ANL-002 for senior review
2026-08-07T13:49:34.725639+00:00 | DEMO-001 | 7 | 0.80 | PROMOTE | Senior analyst review initiated for DISP-073.
2026-08-07T13:49:34.745683+00:00 | DEMO-001 | 8 | 0.40 | PROMOTE | {"transaction_id": "TXN-0000", "amount": 0}
2026-08-07T13:49:34.761716+00:00 | DEMO-001 | 9 | 0.40 | PROMOTE | {"transaction_id": "TXN-0001", "amount": 10}
2026-08-07T13:49:34.776770+00:00 | DEMO-001 | 10 | 0.40 | PROMOTE | {"transaction_id": "TXN-0002", "amount": 20}
2026-08-07T13:49:34.790457+00:00 | DEMO-001 | 11 | 0.40 | PROMOTE | {"transaction_id": "TXN-0003", "amount": 30}
2026-08-07T13:49:34.804881+00:00 | DEMO-001 | 12 | 0.40 | PROMOTE | {"transaction_id": "TXN-0004", "amount": 40}
2026-08-07T13:49:34.819947+00:00 | DEMO-001 | 13 | 0.40 | PROMOTE | {"transaction_id": "TXN-0005", "amount": 50}
2026-08-07T13:49:34.834002+00:00 | DEMO-001 | 14 | 0.40 | PROMOTE | {"transaction_id": "TXN-0006", "amount": 60}
2026-08-07T13:49:34.847954+00:00 | DEMO-001 | 15 | 0.40 | PROMOTE | {"transaction_id": "TXN-0007", "amount": 70}
2026-08-07T13:49:34.862021+00:00 | DEMO-001 | 16 | 0.40 | PROMOTE | {"transaction_id": "TXN-0008", "amount": 80}
2026-08-07T13:49:34.876103+00:00 | DEMO-001 | 17 | 0.40 | PROMOTE | {"transaction_id": "TXN-0009", "amount": 90}
2026-08-07T13:49:34.890115+00:00 | DEMO-001 | 18 | 0.40 | PROMOTE | {"transaction_id": "TXN-0010", "amount": 100}
2026-08-07T13:49:34.904141+00:00 | DEMO-001 | 19 | 0.40 | PROMOTE | {"transaction_id": "TXN-0011", "amount": 110}
2026-08-07T13:49:34.918043+00:00 | DEMO-001 | 20 | 0.40 | PROMOTE | {"transaction_id": "TXN-0012", "amount": 120}
2026-08-07T13:49:34.931479+00:00 | DEMO-001 | 20 | 0.40 | PROMOTE | {"transaction_id": "TXN-0013", "amount": 130}
2026-08-07T13:49:34.945178+00:00 | DEMO-001 | 20 | 0.40 | PROMOTE | {"transaction_id": "TXN-0014", "amount": 140}
2026-08-07T16:07:49.645315+00:00 | DEMO-001 | 0 | 1.00 | PROMOTE | Start investigation for DISP-073. Customer claims unauthorized charge.
2026-08-07T16:07:49.660387+00:00 | DEMO-001 | 1 | 0.30 | FORGET | Beginning investigation. Fetching dispute details.
2026-08-07T16:07:49.661387+00:00 | DEMO-001 | 2 | 1.00 | PROMOTE | {"dispute_id": "DISP-073", "amount": 847.50, "fraud_flag": "detected", "risk_sco
2026-08-07T16:07:49.731492+00:00 | DEMO-001 | 3 | 0.60 | PROMOTE | What is the refund window for unauthorized transaction disputes?
2026-08-07T16:07:49.745602+00:00 | DEMO-001 | 4 | 0.60 | PROMOTE | Checking policy for refund eligibility.
2026-08-07T16:07:49.759666+00:00 | DEMO-001 | 5 | 0.80 | PROMOTE | {"merchant_id": "MERCH-004", "risk_score": 92, "category": "electronics"}
2026-08-07T16:07:49.773193+00:00 | DEMO-001 | 6 | 0.80 | PROMOTE | DISP-073 assigned to ANL-002 for senior review
2026-08-07T16:07:49.787722+00:00 | DEMO-001 | 7 | 0.80 | PROMOTE | Senior analyst review initiated for DISP-073.
2026-08-07T16:07:49.801747+00:00 | DEMO-001 | 8 | 0.40 | PROMOTE | {"transaction_id": "TXN-0000", "amount": 0}
2026-08-07T16:07:49.823869+00:00 | DEMO-001 | 9 | 0.40 | PROMOTE | {"transaction_id": "TXN-0001", "amount": 10}
2026-08-07T16:07:49.843896+00:00 | DEMO-001 | 10 | 0.40 | PROMOTE | {"transaction_id": "TXN-0002", "amount": 20}
2026-08-07T16:07:49.859435+00:00 | DEMO-001 | 11 | 0.40 | PROMOTE | {"transaction_id": "TXN-0003", "amount": 30}
2026-08-07T16:07:49.871518+00:00 | DEMO-001 | 12 | 0.40 | PROMOTE | {"transaction_id": "TXN-0004", "amount": 40}
2026-08-07T16:07:49.888408+00:00 | DEMO-001 | 13 | 0.40 | PROMOTE | {"transaction_id": "TXN-0005", "amount": 50}
2026-08-07T16:07:49.904204+00:00 | DEMO-001 | 14 | 0.40 | PROMOTE | {"transaction_id": "TXN-0006", "amount": 60}
2026-08-07T16:07:49.918790+00:00 | DEMO-001 | 15 | 0.40 | PROMOTE | {"transaction_id": "TXN-0007", "amount": 70}
2026-08-07T16:07:49.933896+00:00 | DEMO-001 | 16 | 0.40 | PROMOTE | {"transaction_id": "TXN-0008", "amount": 80}
2026-08-07T16:07:49.947496+00:00 | DEMO-001 | 17 | 0.40 | PROMOTE | {"transaction_id": "TXN-0009", "amount": 90}
2026-08-07T16:07:49.961326+00:00 | DEMO-001 | 18 | 0.40 | PROMOTE | {"transaction_id": "TXN-0010", "amount": 100}
2026-08-07T16:07:49.975502+00:00 | DEMO-001 | 19 | 0.40 | PROMOTE | {"transaction_id": "TXN-0011", "amount": 110}
2026-08-07T16:07:49.989996+00:00 | DEMO-001 | 20 | 0.40 | PROMOTE | {"transaction_id": "TXN-0012", "amount": 120}
2026-08-07T16:07:50.005035+00:00 | DEMO-001 | 20 | 0.40 | PROMOTE | {"transaction_id": "TXN-0013", "amount": 130}
2026-08-07T16:07:50.019555+00:00 | DEMO-001 | 20 | 0.40 | PROMOTE | {"transaction_id": "TXN-0014", "amount": 140}
2026-08-07T19:41:01.272067+00:00 | AUDIT-001 | 38 | 0.80 | PROMOTE | DISP-073 fraud_flag detected amount $847.50 escalated
2026-08-07T19:41:01.299152+00:00 | AUDIT-001 | 5 | 0.10 | FORGET | hello there good morning
2026-08-07T19:46:21.929674+00:00 | AUDIT-001 | 38 | 0.80 | PROMOTE | DISP-073 fraud_flag detected amount $847.50 escalated
2026-08-07T19:46:22.008354+00:00 | AUDIT-001 | 5 | 0.10 | FORGET | hello there good morning
2026-08-07T19:47:06.104761+00:00 | AUDIT-SESSION-001 | 0 | 0.60 | PROMOTE | Start investigation for DISP-073.
2026-08-07T19:47:06.124301+00:00 | AUDIT-SESSION-001 | 1 | 0.60 | PROMOTE | What is the refund window for unauthorized transaction disputes?
2026-08-07T19:51:13.193728+00:00 | AUDIT-SESSION-002 | 0 | 0.60 | PROMOTE | Start investigation for DISP-073.
2026-08-07T19:51:13.220680+00:00 | AUDIT-SESSION-002 | 1 | 0.60 | PROMOTE | What is the refund window for unauthorized transaction disputes?
2026-08-07T19:56:15.720479+00:00 | DEMO-001 | 0 | 1.00 | PROMOTE | Start investigation for DISP-073. Customer claims unauthorized charge.
2026-08-07T19:56:15.735506+00:00 | DEMO-001 | 1 | 0.30 | FORGET | Beginning investigation. Fetching dispute details.
2026-08-07T19:56:15.735506+00:00 | DEMO-001 | 2 | 1.00 | PROMOTE | {"dispute_id": "DISP-073", "amount": 847.50, "fraud_flag": "detected", "risk_sco
2026-08-07T19:56:15.811096+00:00 | DEMO-001 | 3 | 0.60 | PROMOTE | What is the refund window for unauthorized transaction disputes?
2026-08-07T19:56:15.825121+00:00 | DEMO-001 | 4 | 0.60 | PROMOTE | Checking policy for refund eligibility.
2026-08-07T19:56:15.839141+00:00 | DEMO-001 | 5 | 0.80 | PROMOTE | {"merchant_id": "MERCH-004", "risk_score": 92, "category": "electronics"}
2026-08-07T19:56:15.851663+00:00 | DEMO-001 | 6 | 0.80 | PROMOTE | DISP-073 assigned to ANL-002 for senior review
2026-08-07T19:56:15.864690+00:00 | DEMO-001 | 7 | 0.80 | PROMOTE | Senior analyst review initiated for DISP-073.
2026-08-07T19:56:15.878349+00:00 | DEMO-001 | 8 | 0.40 | PROMOTE | {"transaction_id": "TXN-0000", "amount": 0}
2026-08-07T19:56:15.892674+00:00 | DEMO-001 | 9 | 0.40 | PROMOTE | {"transaction_id": "TXN-0001", "amount": 10}
2026-08-07T19:56:15.906221+00:00 | DEMO-001 | 10 | 0.40 | PROMOTE | {"transaction_id": "TXN-0002", "amount": 20}
2026-08-07T19:56:15.919743+00:00 | DEMO-001 | 11 | 0.40 | PROMOTE | {"transaction_id": "TXN-0003", "amount": 30}
2026-08-07T19:56:15.933715+00:00 | DEMO-001 | 12 | 0.40 | PROMOTE | {"transaction_id": "TXN-0004", "amount": 40}
2026-08-07T19:56:15.949259+00:00 | DEMO-001 | 13 | 0.40 | PROMOTE | {"transaction_id": "TXN-0005", "amount": 50}
2026-08-07T19:56:15.964325+00:00 | DEMO-001 | 14 | 0.40 | PROMOTE | {"transaction_id": "TXN-0006", "amount": 60}
2026-08-07T19:56:15.979353+00:00 | DEMO-001 | 15 | 0.40 | PROMOTE | {"transaction_id": "TXN-0007", "amount": 70}
2026-08-07T19:56:15.993893+00:00 | DEMO-001 | 16 | 0.40 | PROMOTE | {"transaction_id": "TXN-0008", "amount": 80}
2026-08-07T19:56:16.010374+00:00 | DEMO-001 | 17 | 0.40 | PROMOTE | {"transaction_id": "TXN-0009", "amount": 90}
2026-08-07T19:56:16.024402+00:00 | DEMO-001 | 18 | 0.40 | PROMOTE | {"transaction_id": "TXN-0010", "amount": 100}
2026-08-07T19:56:16.038916+00:00 | DEMO-001 | 19 | 0.40 | PROMOTE | {"transaction_id": "TXN-0011", "amount": 110}
2026-08-07T19:56:16.053939+00:00 | DEMO-001 | 20 | 0.40 | PROMOTE | {"transaction_id": "TXN-0012", "amount": 120}
2026-08-07T19:56:16.068457+00:00 | DEMO-001 | 20 | 0.40 | PROMOTE | {"transaction_id": "TXN-0013", "amount": 130}
2026-08-07T19:56:16.081968+00:00 | DEMO-001 | 20 | 0.40 | PROMOTE | {"transaction_id": "TXN-0014", "amount": 140}
2026-08-07T20:08:36.165897+00:00 | DEMO-001 | 0 | 1.00 | PROMOTE | Start investigation for DISP-073. Customer claims unauthorized charge.
2026-08-07T20:08:36.183081+00:00 | DEMO-001 | 1 | 0.30 | FORGET | Beginning investigation. Fetching dispute details.
2026-08-07T20:08:36.183081+00:00 | DEMO-001 | 2 | 1.00 | PROMOTE | {"dispute_id": "DISP-073", "amount": 847.50, "fraud_flag": "detected", "risk_sco
2026-08-07T20:08:36.255102+00:00 | DEMO-001 | 3 | 0.60 | PROMOTE | What is the refund window for unauthorized transaction disputes?
2026-08-07T20:08:36.268647+00:00 | DEMO-001 | 4 | 0.60 | PROMOTE | Checking policy for refund eligibility.
2026-08-07T20:08:36.284205+00:00 | DEMO-001 | 5 | 0.80 | PROMOTE | {"merchant_id": "MERCH-004", "risk_score": 92, "category": "electronics"}
2026-08-07T20:08:36.297235+00:00 | DEMO-001 | 6 | 0.80 | PROMOTE | DISP-073 assigned to ANL-002 for senior review
2026-08-07T20:08:36.314787+00:00 | DEMO-001 | 7 | 0.80 | PROMOTE | Senior analyst review initiated for DISP-073.
2026-08-07T20:08:36.329303+00:00 | DEMO-001 | 8 | 0.40 | PROMOTE | {"transaction_id": "TXN-0000", "amount": 0}
2026-08-07T20:08:36.345911+00:00 | DEMO-001 | 9 | 0.40 | PROMOTE | {"transaction_id": "TXN-0001", "amount": 10}
2026-08-07T20:08:36.360542+00:00 | DEMO-001 | 10 | 0.40 | PROMOTE | {"transaction_id": "TXN-0002", "amount": 20}
2026-08-07T20:08:36.375566+00:00 | DEMO-001 | 11 | 0.40 | PROMOTE | {"transaction_id": "TXN-0003", "amount": 30}
2026-08-07T20:08:36.391612+00:00 | DEMO-001 | 12 | 0.40 | PROMOTE | {"transaction_id": "TXN-0004", "amount": 40}
2026-08-07T20:08:36.406155+00:00 | DEMO-001 | 13 | 0.40 | PROMOTE | {"transaction_id": "TXN-0005", "amount": 50}
2026-08-07T20:08:36.421145+00:00 | DEMO-001 | 14 | 0.40 | PROMOTE | {"transaction_id": "TXN-0006", "amount": 60}
2026-08-07T20:08:36.434661+00:00 | DEMO-001 | 15 | 0.40 | PROMOTE | {"transaction_id": "TXN-0007", "amount": 70}
2026-08-07T20:08:36.449936+00:00 | DEMO-001 | 16 | 0.40 | PROMOTE | {"transaction_id": "TXN-0008", "amount": 80}
2026-08-07T20:08:36.464383+00:00 | DEMO-001 | 17 | 0.40 | PROMOTE | {"transaction_id": "TXN-0009", "amount": 90}
2026-08-07T20:08:36.478904+00:00 | DEMO-001 | 18 | 0.40 | PROMOTE | {"transaction_id": "TXN-0010", "amount": 100}
2026-08-07T20:08:36.492964+00:00 | DEMO-001 | 19 | 0.40 | PROMOTE | {"transaction_id": "TXN-0011", "amount": 110}
2026-08-07T20:08:36.507493+00:00 | DEMO-001 | 20 | 0.40 | PROMOTE | {"transaction_id": "TXN-0012", "amount": 120}
2026-08-07T20:08:36.523556+00:00 | DEMO-001 | 20 | 0.40 | PROMOTE | {"transaction_id": "TXN-0013", "amount": 130}
2026-08-07T20:08:36.537643+00:00 | DEMO-001 | 20 | 0.40 | PROMOTE | {"transaction_id": "TXN-0014", "amount": 140}
